cheng_v2: dev-only entry
track=dev
execution=direct_exe
tooling_forwarded=1
tooling_entry=tooling/cheng_tooling_v2
parallel=function_task
soa_index_only=1
infra_surface=1
status_rc=0
artifact_version=v2.release_artifact.v2
source=v2/examples/network_distribution_module.cheng
emit=exe
target=arm64-apple-darwin
module_kind=network_distribution
pipeline_version=v2.driver.network_distribution_pipeline.v1
surface_count=10
machine_version=v2.machine.v1
machine_pipeline_version=v2.machine_pipeline.v1
obj_writer_version=v2.obj_writer.v1
obj_image_version=v2.obj_image.v1
obj_file_version=v2.obj_file.v1
obj_format=macho
manifest_cid=499128e86e4bf16650ba638299a0f91638a6c5edcc0f3e2674d4785b89632900
compile_key=2afae6d40fd6c485f3c10eb1925b5e1e42665e9ce0a8a2f67de9494c764756d2
obj_image_cid=d65aa69e50106d37b9282e493c4d3078660e51450ab319c3aee1d30db36b80e0
obj_file_cid=3c1984c5e95d99c9e786285d87b21478b3a09b8ba4c31dad3affc61f5b5bf84d
obj_file_byte_count=6083
obj_section_count=5
obj_symbol_count=21
obj_reloc_count=21
link_plan_version=v2.native_link_plan.v1
link_plan_cid=4a6da1d9105e68807bbaa4bfb03f143711d9a46e0602d561112820d5fefd9d8c
system_link_plan_version=v2.system_link_plan.v1
system_link_plan_cid=2f171a8f4208e1f922dc01a15c3a6295341e60f71f4651b8c23aeff5aecfa2f6
runtime_target_count=7
runtime_unresolved_count=0
native_link_closure_ok=1
system_link_ready=0
system_link_missing_reason_count=2
topology_count=3
network_entry_count=7
release_compile_rc=0
lsmr_address_version=v2.runtime.lsmr_address.v1
cid=499128e86e4bf16650ba638299a0f91638a6c5edcc0f3e2674d4785b89632900
depth=4
addressing=lsmr_path
address_binding=content_bound_address
distance_metric=per_level_manhattan
cell_layout=[8,1,6;3,5,7;4,9,2]
address=2/5/7/4
address_cid=b35943e0f1d67a56c5983228307f2453e1ef61316fd9daa3f4facab909b01a7e
lsmr_address_rc=0
