system_link_exec_version=v2.system_link_exec.v1
source=v2/src/tooling/cheng_v2.cheng
emit=exe
target=arm64-apple-darwin
module_kind=compiler_core
linker_flavor=ld64
linker_path=/usr/bin/cc
sdk_name=macosx
system_library_count=1
system_library.0=System
output_path=compiler_core_system_link_exec
primary_obj_path=compiler_core_system_link_exec.primary.o
primary_obj_file_cid=5c4522cd7deda7966110290e8fe554c51a35ee5c04dbd80159f7e24cab27a183
primary_obj_file_byte_count=1403307
provider_module_count=2
provider_module.0.name=runtime/compiler_core_runtime_v2
provider_module.0.obj_path=compiler_core_system_link_exec.provider.0.o
provider_module.0.obj_file_cid=97fbb6fdd7a18852cd367909b172b939c8d477717ceb44ca146b67a82ca5c6d4
provider_module.0.obj_file_byte_count=653
provider_module.1.name=runtime/core_runtime_v2
provider_module.1.obj_path=compiler_core_system_link_exec.provider.1.o
provider_module.1.obj_file_cid=1c9e17a2d155f669c00fbe67267488ab8c704aaf7a635f3ad1d84ea868c1b2d6
provider_module.1.obj_file_byte_count=396
support_object_count=11
support_object.0.obj_path=compiler_core_system_link_exec.support.0.o
support_object.0.obj_file_cid=fe5c2771a6d0bd7b92290a0599637f23f2c6641ab6833a4205d83607310ad15d
support_object.0.obj_file_byte_count=2008
support_object.1.obj_path=compiler_core_system_link_exec.support.1.o
support_object.1.obj_file_cid=a2bb370ad6e5babeb731562e1248baf8f2fe7a1479cd36a493420f827718ad00
support_object.1.obj_file_byte_count=520
support_object.2.obj_path=compiler_core_system_link_exec.support.2.o
support_object.2.obj_file_cid=3269f52f6f371334d847a57c5020bbaaa50ee8f419cf7692e3567c501051b154
support_object.2.obj_file_byte_count=736
support_object.3.obj_path=compiler_core_system_link_exec.support.3.o
support_object.3.obj_file_cid=d0a845c4fda628d2c9f561a99fd4a0a058281f046b03b988518c9358a1ca5588
support_object.3.obj_file_byte_count=5520
support_object.4.obj_path=compiler_core_system_link_exec.support.4.o
support_object.4.obj_file_cid=950454c8a1c3e2165198223601ec63e186097b1dc318e531e8282c1f5bbbf194
support_object.4.obj_file_byte_count=57952
support_object.5.obj_path=compiler_core_system_link_exec.support.5.o
support_object.5.obj_file_cid=9f83be4df11513442347eaf648c342427508290ccb8ff62c3c45cf39c921b456
support_object.5.obj_file_byte_count=792
support_object.6.obj_path=compiler_core_system_link_exec.support.6.o
support_object.6.obj_file_cid=d7131c1f94bfc5aa2ba69177f1feb8380967ee508bc1174ab5a02d0c27781f90
support_object.6.obj_file_byte_count=760
support_object.7.obj_path=compiler_core_system_link_exec.support.7.o
support_object.7.obj_file_cid=82771a33f96e11fde40022be20e141c24f6bb201a4e28ab7a0b661990c6f6dc6
support_object.7.obj_file_byte_count=1000
support_object.8.obj_path=compiler_core_system_link_exec.support.8.o
support_object.8.obj_file_cid=b16ea667370b191b031f56d22403fd5c52e6d27938ad78a421aa539bf40b4a71
support_object.8.obj_file_byte_count=5016
support_object.9.obj_path=compiler_core_system_link_exec.support.9.o
support_object.9.obj_file_cid=758cbc98d635974e1743c273db85bb089fc4cfdb157b9241e17f9c6e0456498b
support_object.9.obj_file_byte_count=844040
support_object.10.obj_path=compiler_core_system_link_exec.support.10.o
support_object.10.obj_file_cid=50fe6988b459b208d31e89e882430aadd5285874606d3f61548573ecdc06738c
support_object.10.obj_file_byte_count=568
entry_required=1
entry_symbol=_main
exit_code=0
output_present=1
output_byte_count=1989680
output_file_cid=06a70e75566e457e49a6fbfacd3077b97e1465bc7dc37b039e8cbfeb4bacab1f
link_ok=1
