system_link_plan_version=v2.system_link_plan.v1
module_kind=compiler_core
emit=exe
target=arm64-apple-darwin
obj_format=macho
linker_flavor=ld64
output_kind=executable
output_name=cheng_v2_compiler_core
output_suffix=
primary_obj_file_cid=5c4522cd7deda7966110290e8fe554c51a35ee5c04dbd80159f7e24cab27a183
primary_obj_file_byte_count=1403307
provider_module_count=2
provider_module.0.name=runtime/compiler_core_runtime_v2
provider_module.0.source_path=v2/src/runtime/compiler_core_runtime_v2.cheng
provider_module.0.source_kind=cheng_module
provider_module.0.compile_mode=machine_obj
provider_module.0.manifest_cid=a4b8cc82fbf5a5e7056c0495c0c7c5359858d020ea47a61b00ac6a9567a76e81
provider_module.0.execution_model=native_command_argv_bridge
provider_module.0.trace_symbol=runtime_compiler_core_argv_entry
provider_module.0.provider_symbol_count=2
provider_module.0.provider_symbol.0=_runtime_compiler_core_argv_entry
provider_module.0.provider_symbol.1=_runtime_compiler_core_local_payload_entry
provider_module.0.obj_file_cid=97fbb6fdd7a18852cd367909b172b939c8d477717ceb44ca146b67a82ca5c6d4
provider_module.0.obj_file_byte_count=653
provider_module.0.object_materialized=1
provider_module.1.name=runtime/core_runtime_v2
provider_module.1.source_path=v2/src/runtime/core_runtime_v2.cheng
provider_module.1.source_kind=cheng_module
provider_module.1.compile_mode=machine_obj
provider_module.1.manifest_cid=25886ce24804e44da714ccc6c0abe706f2ef97889ac8a8e52e56b8142675ba1e
provider_module.1.execution_model=native_trace_stub
provider_module.1.trace_symbol=puts
provider_module.1.provider_symbol_count=1
provider_module.1.provider_symbol.0=_builtin_len
provider_module.1.obj_file_cid=1c9e17a2d155f669c00fbe67267488ab8c704aaf7a635f3ad1d84ea868c1b2d6
provider_module.1.obj_file_byte_count=396
provider_module.1.object_materialized=1
entry_required=1
entry_symbol=_main
entry_present=1
missing_reason_count=1
missing_reason.0=system_link_execution_missing
system_link_ready=0
