artifact_version=v2.release_artifact.v2
source=v2/src/tooling/cheng_v2.cheng
emit=exe
target=arm64-apple-darwin
module_kind=compiler_core
pipeline_version=v2.driver.compiler_core_pipeline.v1
surface_count=1928
machine_version=v2.machine.v1
machine_pipeline_version=v2.machine_pipeline.v1
obj_writer_version=v2.obj_writer.v1
obj_image_version=v2.obj_image.v1
obj_file_version=v2.obj_file.v1
obj_format=macho
manifest_cid=59354192125fe7d01073b1b6f5484316c65f452b8d6ae639a057161784dadd24
compile_key=80748d36fcb47818bb641fabdbf4eec2e748b1fdb33f58cd8b22d6fd8046072c
obj_image_cid=1cb46c6b377b702d43d07060eaacd471073c9dd57a57756cd960cede72280e74
obj_file_cid=5527eaded599553267616f6d08ae6f2e87ba07d7ca34dd2db3cf923e6736011d
obj_file_byte_count=1148625
obj_section_count=5
obj_symbol_count=3694
obj_reloc_count=5397
link_plan_version=v2.native_link_plan.v1
link_plan_cid=903746278506ca1e1ffbd509b738de1c199eb46ac21aa8c1ac1e1668ec016dfd
system_link_plan_version=v2.system_link_plan.v1
system_link_plan_cid=d4f4942cf6c93d641ebed820fd4a2e47a98a4ea0a5282186445ae557812af846
runtime_target_count=2
runtime_unresolved_count=0
native_link_closure_ok=1
system_link_ready=0
system_link_missing_reason_count=1
compiler_core_entry_count=1928
