zrpc_surface_version=v1
sample_count=25
sample.0.id=plain
sample.0.path=v2/tests/contracts/compiler_core_plain_probe.cheng
sample.0.expected=pass
sample.0.actual=pass
sample.0.ok=1
sample.0.reason=
sample.1.id=importc_noptr
sample.1.path=v2/tests/contracts/compiler_core_importc_noptr_probe.cheng
sample.1.expected=pass
sample.1.actual=pass
sample.1.ok=1
sample.1.reason=
sample.2.id=dot_return
sample.2.path=v2/tests/contracts/compiler_core_dot_return_probe.cheng
sample.2.expected=pass
sample.2.actual=pass
sample.2.ok=1
sample.2.reason=
sample.3.id=dot_let
sample.3.path=v2/tests/contracts/compiler_core_dot_let_probe.cheng
sample.3.expected=pass
sample.3.actual=pass
sample.3.ok=1
sample.3.reason=
sample.4.id=name_return
sample.4.path=v2/tests/contracts/compiler_core_name_return_probe.cheng
sample.4.expected=pass
sample.4.actual=pass
sample.4.ok=1
sample.4.reason=
sample.5.id=backtick
sample.5.path=v2/tests/contracts/compiler_core_backtick_probe.cheng
sample.5.expected=pass
sample.5.actual=pass
sample.5.ok=1
sample.5.reason=
sample.6.id=backtick_index
sample.6.path=v2/tests/contracts/compiler_core_backtick_index_probe.cheng
sample.6.expected=pass
sample.6.actual=pass
sample.6.ok=1
sample.6.reason=
sample.7.id=sizeof
sample.7.path=v2/tests/contracts/compiler_core_sizeof_probe.cheng
sample.7.expected=pass
sample.7.actual=pass
sample.7.ok=1
sample.7.reason=
sample.8.id=sizeof_generic
sample.8.path=v2/tests/contracts/compiler_core_sizeof_generic_probe.cheng
sample.8.expected=pass
sample.8.actual=pass
sample.8.ok=1
sample.8.reason=
sample.9.id=std_system
sample.9.path=v2/tests/contracts/compiler_core_std_system_probe.cheng
sample.9.expected=pass
sample.9.actual=pass
sample.9.ok=1
sample.9.reason=
sample.10.id=system_prefix
sample.10.path=v2/tests/contracts/compiler_core_system_prefix_probe.cheng
sample.10.expected=pass
sample.10.actual=pass
sample.10.ok=1
sample.10.reason=
sample.11.id=result_array
sample.11.path=v2/tests/contracts/compiler_core_result_array_probe.cheng
sample.11.expected=pass
sample.11.actual=pass
sample.11.ok=1
sample.11.reason=
sample.12.id=addr_of
sample.12.path=v2/tests/contracts/compiler_core_addr_of_probe.cheng
sample.12.expected=fail
sample.12.actual=fail
sample.12.ok=1
sample.12.reason=v2 semantic facts compiler_core: ZRPC no-pointer policy forbids ptr_type in routine signature probeAddr at v2/tests/contracts/compiler_core_addr_of_probe.cheng
sample.13.id=alloc_ptr
sample.13.path=v2/tests/contracts/compiler_core_alloc_ptr_probe.cheng
sample.13.expected=fail
sample.13.actual=fail
sample.13.ok=1
sample.13.reason=v2 semantic facts compiler_core: ZRPC no-pointer policy forbids ptr_type in routine signature probeAlloc at v2/tests/contracts/compiler_core_alloc_ptr_probe.cheng
sample.14.id=arrow_field
sample.14.path=v2/tests/contracts/compiler_core_arrow_field_probe.cheng
sample.14.expected=fail
sample.14.actual=fail
sample.14.ok=1
sample.14.reason=v2 semantic facts compiler_core: ZRPC no-pointer policy forbids pointer_star_type in routine signature capPtr at v2/tests/contracts/compiler_core_arrow_field_probe.cheng
sample.15.id=arrow_param
sample.15.path=v2/tests/contracts/compiler_core_arrow_param_probe.cheng
sample.15.expected=fail
sample.15.actual=fail
sample.15.ok=1
sample.15.reason=v2 semantic facts compiler_core: ZRPC no-pointer policy forbids pointer_star_type in routine signature lenPtr at v2/tests/contracts/compiler_core_arrow_param_probe.cheng
sample.16.id=arrow_return
sample.16.path=v2/tests/contracts/compiler_core_arrow_return_probe.cheng
sample.16.expected=fail
sample.16.actual=fail
sample.16.ok=1
sample.16.reason=v2 semantic facts compiler_core: ZRPC no-pointer policy forbids pointer_star_type in routine signature capDirect at v2/tests/contracts/compiler_core_arrow_return_probe.cheng
sample.17.id=arrow_type
sample.17.path=v2/tests/contracts/compiler_core_arrow_type_probe.cheng
sample.17.expected=fail
sample.17.actual=fail
sample.17.ok=1
sample.17.reason=v2 semantic facts compiler_core: ZRPC no-pointer policy forbids pointer_star_type in routine signature capZero at v2/tests/contracts/compiler_core_arrow_type_probe.cheng
sample.18.id=dot_ptr_return
sample.18.path=v2/tests/contracts/compiler_core_dot_ptr_return_probe.cheng
sample.18.expected=fail
sample.18.actual=fail
sample.18.ok=1
sample.18.reason=v2 semantic facts compiler_core: ZRPC no-pointer policy forbids pointer_star_type in routine signature capDirect at v2/tests/contracts/compiler_core_dot_ptr_return_probe.cheng
sample.19.id=generic_store
sample.19.path=v2/tests/contracts/compiler_core_generic_store_probe.cheng
sample.19.expected=fail
sample.19.actual=fail
sample.19.ok=1
sample.19.reason=v2 semantic facts compiler_core: ZRPC no-pointer policy forbids ptr_type in routine signature store at v2/tests/contracts/compiler_core_generic_store_probe.cheng
sample.20.id=importc_ptr
sample.20.path=v2/tests/contracts/compiler_core_importc_probe.cheng
sample.20.expected=fail
sample.20.actual=fail
sample.20.ok=1
sample.20.reason=v2 semantic facts compiler_core: ZRPC no-pointer policy forbids ptr_type in routine signature probePuts at v2/tests/contracts/compiler_core_importc_probe.cheng
sample.21.id=importc_ptr_index
sample.21.path=v2/tests/contracts/compiler_core_importc_ptr_probe.cheng
sample.21.expected=fail
sample.21.actual=fail
sample.21.ok=1
sample.21.reason=v2 semantic facts compiler_core: ZRPC no-pointer policy forbids ptr_type in routine signature probeImportcPtr at v2/tests/contracts/compiler_core_importc_ptr_probe.cheng
sample.22.id=ptr_alias
sample.22.path=v2/tests/contracts/compiler_core_ptr_alias_probe.cheng
sample.22.expected=fail
sample.22.actual=fail
sample.22.ok=1
sample.22.reason=v2 semantic facts compiler_core: ZRPC no-pointer policy forbids ptr_type in type block type at v2/tests/contracts/compiler_core_ptr_alias_probe.cheng
sample.23.id=ptr_cast
sample.23.path=v2/tests/contracts/compiler_core_ptr_cast_probe.cheng
sample.23.expected=fail
sample.23.actual=fail
sample.23.ok=1
sample.23.reason=v2 semantic facts compiler_core: ZRPC no-pointer policy forbids ptr_type in routine signature probeCast at v2/tests/contracts/compiler_core_ptr_cast_probe.cheng
sample.24.id=seqs_prefix
sample.24.path=v2/tests/contracts/compiler_core_seqs_prefix_probe.cheng
sample.24.expected=fail
sample.24.actual=fail
sample.24.ok=1
sample.24.reason=v2 semantic facts compiler_core: ZRPC no-pointer policy forbids ptr_type in type block type at v2/tests/contracts/compiler_core_seqs_prefix_probe.cheng
pass_count=12
fail_count=13
mismatch_count=0
zrpc_surface_ok=1
