compiler_core_no_pointer_closure_version=v2
root_count=4
root.0=v2/src
root.1=v2/examples
root.2=v2/cheng-quic/src
root.3=v2/cheng-quic/tests
closure_file_count=318
checked_file_count=318
checked_compiler_core_file_count=315
checked_compiler_core_surface_file_count=315
checked_line_surface_file_count=3
closure_manifest_cid=6cd35973c0f265004b758878d30b611e4bb211af9d9f2356d116ec3396a0d340
violation_count=0
first_violation_path=
first_violation_reason=
no_pointer_closure_ok=1
