system_link_exec_version=v2.system_link_exec.v1
source=v2/src/tooling/cheng_v2.cheng
emit=exe
target=arm64-apple-darwin
module_kind=compiler_core
linker_flavor=ld64
linker_path=/usr/bin/cc
sdk_name=macosx
system_library_count=1
system_library.0=System
output_path=compiler_core_system_link_exec
primary_obj_path=compiler_core_system_link_exec.primary.o
primary_obj_file_cid=5527eaded599553267616f6d08ae6f2e87ba07d7ca34dd2db3cf923e6736011d
primary_obj_file_byte_count=1148625
provider_module_count=2
provider_module.0.name=runtime/compiler_core_runtime_v2
provider_module.0.obj_path=compiler_core_system_link_exec.provider.0.o
provider_module.0.obj_file_cid=c2d5553d2d188fd3e2add5a6007c79dd50b45c6a1c39cd51fbbafd9f6b1d1de5
provider_module.0.obj_file_byte_count=653
provider_module.1.name=runtime/core_runtime_v2
provider_module.1.obj_path=compiler_core_system_link_exec.provider.1.o
provider_module.1.obj_file_cid=1c9e17a2d155f669c00fbe67267488ab8c704aaf7a635f3ad1d84ea868c1b2d6
provider_module.1.obj_file_byte_count=396
support_object_count=6
support_object.0.obj_path=compiler_core_system_link_exec.support.0.o
support_object.0.obj_file_cid=ff8ea29e454339732c00ad41a876250db11add6efc7a4f0f062cdd5bd0b6fd9f
support_object.0.obj_file_byte_count=45256
support_object.1.obj_path=compiler_core_system_link_exec.support.1.o
support_object.1.obj_file_cid=9f83be4df11513442347eaf648c342427508290ccb8ff62c3c45cf39c921b456
support_object.1.obj_file_byte_count=792
support_object.2.obj_path=compiler_core_system_link_exec.support.2.o
support_object.2.obj_file_cid=25b6284dcc3095376b07d901023e086834c892bca66000ef148abab86f64e451
support_object.2.obj_file_byte_count=744
support_object.3.obj_path=compiler_core_system_link_exec.support.3.o
support_object.3.obj_file_cid=7b3e7f6e42428109e4ffebf4857b9052174663088a6e17d40c2cfbd615c10db5
support_object.3.obj_file_byte_count=4440
support_object.4.obj_path=compiler_core_system_link_exec.support.4.o
support_object.4.obj_file_cid=c47cb6b99f8f460592e6e5a3230cf7b4d13264133795dee1eb15f9a51a5ac664
support_object.4.obj_file_byte_count=440992
support_object.5.obj_path=compiler_core_system_link_exec.support.5.o
support_object.5.obj_file_cid=50fe6988b459b208d31e89e882430aadd5285874606d3f61548573ecdc06738c
support_object.5.obj_file_byte_count=568
entry_required=1
entry_symbol=_main
exit_code=0
output_present=1
output_byte_count=1460960
output_file_cid=5abc0f8b92b38d32ef8a90e1ad3b3f419c288f09c05e93169b76e4c63121dc32
link_ok=1
