system_link_plan_version=v2.system_link_plan.v1
module_kind=compiler_core
emit=exe
target=arm64-apple-darwin
obj_format=macho
manifest_file_count=83
no_pointer_checked_file_count=82
no_pointer_checked_compiler_core_surface_file_count=82
no_pointer_checked_line_surface_file_count=0
no_pointer_closure_ok=1
compiler_core_execution_track=tooling
linker_flavor=ld64
output_kind=executable
output_name=cheng_v2_compiler_core
output_suffix=
primary_obj_file_cid=b57db9962cc41a754fe51728b44b918b2f60bce054449c5f09537dbedfb9deb5
primary_obj_file_byte_count=1670496
provider_module_count=2
provider_module.0.name=runtime/compiler_core_runtime_v2
provider_module.0.source_path=v2/src/runtime/compiler_core_runtime_v2.cheng
provider_module.0.source_kind=cheng_module
provider_module.0.compile_mode=machine_obj
provider_module.0.manifest_cid=03d31a28b11f1eb900e5cc95f1283bdfda8c30896e3f424fc1b375a1e5a2423f
provider_module.0.execution_model=native_tooling_argv_bridge
provider_module.0.trace_symbol=runtime_compiler_core_tooling_argv_entry
provider_module.0.provider_symbol_count=2
provider_module.0.provider_symbol.0=_runtime_compiler_core_tooling_argv_entry
provider_module.0.provider_symbol.1=_runtime_compiler_core_tooling_local_payload_entry
provider_module.0.obj_file_cid=a3b78c7c34cf4f8008c9d42b99eb2b594898a77728eef292eb5434497669b455
provider_module.0.obj_file_byte_count=677
provider_module.0.object_materialized=1
provider_module.1.name=runtime/core_runtime_v2
provider_module.1.source_path=v2/src/runtime/core_runtime_v2.cheng
provider_module.1.source_kind=cheng_module
provider_module.1.compile_mode=machine_obj
provider_module.1.manifest_cid=67ad21c70e87529c875a371b046afc881b8405a2d57f29f267e61429423416bc
provider_module.1.execution_model=native_trace_stub
provider_module.1.trace_symbol=puts
provider_module.1.provider_symbol_count=1
provider_module.1.provider_symbol.0=_builtin_len
provider_module.1.obj_file_cid=1c9e17a2d155f669c00fbe67267488ab8c704aaf7a635f3ad1d84ea868c1b2d6
provider_module.1.obj_file_byte_count=396
provider_module.1.object_materialized=1
entry_required=1
entry_symbol=_main
entry_present=1
missing_reason_count=0
system_link_ready=1
