system_link_exec_version=v2.system_link_exec.v1
source=v2/src/tooling/cheng_v2.cheng
emit=exe
target=arm64-apple-darwin
module_kind=compiler_core
linker_flavor=ld64
linker_path=/usr/bin/ld
sdk_name=macosx
system_library_count=1
system_library.0=System
output_path=compiler_core_system_link_exec
primary_obj_path=compiler_core_system_link_exec.primary.o
primary_obj_file_cid=e50ec03fcc93f6b1b60dece63dae560feffc81719a57ac04a0aa031c4ec71402
primary_obj_file_byte_count=1103939
provider_module_count=2
provider_module.0.name=runtime/compiler_core_runtime_v2
provider_module.0.obj_path=compiler_core_system_link_exec.provider.0.o
provider_module.0.obj_file_cid=5a71411398aac5304037c76a9d764d8b22c327995daf3d7c7812bf718c2f0c20
provider_module.0.obj_file_byte_count=432184
provider_module.1.name=runtime/core_runtime_v2
provider_module.1.obj_path=compiler_core_system_link_exec.provider.1.o
provider_module.1.obj_file_cid=1c9e17a2d155f669c00fbe67267488ab8c704aaf7a635f3ad1d84ea868c1b2d6
provider_module.1.obj_file_byte_count=396
support_object_count=3
support_object.0.obj_path=compiler_core_system_link_exec.support.0.o
support_object.0.obj_file_cid=6c93c54d545c7ecbe25d3c27d01642377eefbb28a2a8b6d4a853be8928bd8f2b
support_object.0.obj_file_byte_count=9016
support_object.1.obj_path=compiler_core_system_link_exec.support.1.o
support_object.1.obj_file_cid=9f83be4df11513442347eaf648c342427508290ccb8ff62c3c45cf39c921b456
support_object.1.obj_file_byte_count=792
support_object.2.obj_path=compiler_core_system_link_exec.support.2.o
support_object.2.obj_file_cid=25b6284dcc3095376b07d901023e086834c892bca66000ef148abab86f64e451
support_object.2.obj_file_byte_count=744
entry_required=1
entry_symbol=_cheng_v2_compiler_core_compiler_core_argv_bridge_1000001857
exit_code=0
output_present=1
output_byte_count=1383472
output_file_cid=f328e16794ce0f66e1d1b3b68b0da5800ddad3ecea5bab3ea62028cade0a7ff1
link_ok=1
