artifact_version=v2.release_artifact.v2
source=v2/src/tooling/cheng_v2.cheng
emit=exe
target=arm64-apple-darwin
module_kind=compiler_core
pipeline_version=v2.driver.compiler_core_pipeline.v1
surface_count=1867
machine_version=v2.machine.v1
machine_pipeline_version=v2.machine_pipeline.v1
obj_writer_version=v2.obj_writer.v1
obj_image_version=v2.obj_image.v1
obj_file_version=v2.obj_file.v1
obj_format=macho
manifest_cid=590d64be4167c1363c1190ef35ef0f94964ed685e7521b6f5092aad2e21d82b7
compile_key=ec3dc09d478bc100a06be3c7426907cf32153590485e2edba3aef4777c5f3fe8
obj_image_cid=a0fc72e38d726ca55b6be70cc0b7b38156ffa23f1db42cabebbb3390bbaf4cfe
obj_file_cid=e50ec03fcc93f6b1b60dece63dae560feffc81719a57ac04a0aa031c4ec71402
obj_file_byte_count=1103939
obj_section_count=5
obj_symbol_count=3574
obj_reloc_count=5230
link_plan_version=v2.native_link_plan.v1
link_plan_cid=04467a86c7ecf012535c975347e05de40d8a6ba392aff7a9ee872a600e8ba98d
system_link_plan_version=v2.system_link_plan.v1
system_link_plan_cid=9ec9802603c14bfc7c0b0bcfa38b0829677cd338509a14b15a7b368875955a73
runtime_target_count=1
runtime_unresolved_count=0
native_link_closure_ok=1
system_link_ready=0
system_link_missing_reason_count=1
compiler_core_entry_count=1867
