artifact_version=v2.release_artifact.v2
source=v2/src/tooling/cheng_v2.cheng
emit=exe
target=arm64-apple-darwin
module_kind=compiler_core
pipeline_version=v2.driver.compiler_core_pipeline.v1
surface_count=2341
machine_version=v2.machine.v1
machine_pipeline_version=v2.machine_pipeline.v1
obj_writer_version=v2.obj_writer.v1
obj_image_version=v2.obj_image.v1
obj_file_version=v2.obj_file.v1
obj_format=macho
manifest_cid=36ee61c827ed4499ce288f5b73cb8cc332ffb2dfff36cd4b783237d112c45d09
compile_key=7e68f851ecc5755e2cacbfcce6bde240306a3456225bbf6bb193799ecc4c27a4
obj_image_cid=b623af61a123cfd831fdff5d2b024607981bec967596a53c7f0f2521c70397a4
obj_file_cid=5c4522cd7deda7966110290e8fe554c51a35ee5c04dbd80159f7e24cab27a183
obj_file_byte_count=1403307
obj_section_count=5
obj_symbol_count=4598
obj_reloc_count=6736
link_plan_version=v2.native_link_plan.v1
link_plan_cid=903746278506ca1e1ffbd509b738de1c199eb46ac21aa8c1ac1e1668ec016dfd
system_link_plan_version=v2.system_link_plan.v1
system_link_plan_cid=376889f9fe271cf29f32e1b3cc56c567c57c8702ad534d0017d7a2a054a531fc
runtime_target_count=2
runtime_unresolved_count=0
native_link_closure_ok=1
system_link_ready=0
system_link_missing_reason_count=1
compiler_core_entry_count=2341
