system_link_plan_version=v2.system_link_plan.v1
module_kind=compiler_core
emit=exe
target=arm64-apple-darwin
obj_format=macho
linker_flavor=ld64
output_kind=executable
output_name=cheng_v2_compiler_core
output_suffix=
primary_obj_file_cid=5527eaded599553267616f6d08ae6f2e87ba07d7ca34dd2db3cf923e6736011d
primary_obj_file_byte_count=1148625
provider_module_count=2
provider_module.0.name=runtime/compiler_core_runtime_v2
provider_module.0.source_path=v2/src/runtime/compiler_core_runtime_v2.cheng
provider_module.0.source_kind=cheng_module
provider_module.0.compile_mode=machine_obj
provider_module.0.manifest_cid=7d33f313dcbd9490e11fd26443244becd95b68abbe64198894f5d9d94ecc8220
provider_module.0.execution_model=native_command_argv_bridge
provider_module.0.trace_symbol=runtime_compiler_core_argv_entry
provider_module.0.provider_symbol_count=2
provider_module.0.provider_symbol.0=_runtime_compiler_core_argv_entry
provider_module.0.provider_symbol.1=_runtime_compiler_core_local_payload_entry
provider_module.0.obj_file_cid=c2d5553d2d188fd3e2add5a6007c79dd50b45c6a1c39cd51fbbafd9f6b1d1de5
provider_module.0.obj_file_byte_count=653
provider_module.0.object_materialized=1
provider_module.1.name=runtime/core_runtime_v2
provider_module.1.source_path=v2/src/runtime/core_runtime_v2.cheng
provider_module.1.source_kind=cheng_module
provider_module.1.compile_mode=machine_obj
provider_module.1.manifest_cid=25886ce24804e44da714ccc6c0abe706f2ef97889ac8a8e52e56b8142675ba1e
provider_module.1.execution_model=native_trace_stub
provider_module.1.trace_symbol=puts
provider_module.1.provider_symbol_count=1
provider_module.1.provider_symbol.0=_builtin_len
provider_module.1.obj_file_cid=1c9e17a2d155f669c00fbe67267488ab8c704aaf7a635f3ad1d84ea868c1b2d6
provider_module.1.obj_file_byte_count=396
provider_module.1.object_materialized=1
entry_required=1
entry_symbol=_main
entry_present=1
missing_reason_count=1
missing_reason.0=system_link_execution_missing
system_link_ready=0
