cycle_surface_version=v1
manifest_file_count=4
manifest.has.package=1
manifest.has.main=1
manifest.has.a=1
manifest.has.b=1
manifest.has.noise=0
routine_count=6
entry.ast_ready=1
makeA.ast_ready=1
roundTrip.ast_ready=1
makeA.param0=b.BBox
makeA.return=ABox
roundTrip.param0=a.ABox
entry.import_field_routine_refs=3
takeA.import_field_routine_refs=1
roundTrip.import_field_routine_refs=1
cycle_surface_ok=1
