full_selfhost_ok=0
compiler=v2/artifacts/bootstrap/cheng_v2c
stage1_binary_cid=036eb129df8c628cd9d57605525cfc4c92579a454a00fdca9f595b1eeb37d248
stage2_binary_cid=036eb129df8c628cd9d57605525cfc4c92579a454a00fdca9f595b1eeb37d248
stage3_binary_cid=036eb129df8c628cd9d57605525cfc4c92579a454a00fdca9f595b1eeb37d248
stage2_stage3_release_equal=1
stage2_stage3_system_link_plan_equal=1
stage2_stage3_system_link_exec_equal=1
stage2_stage3_binary_equal=1
stage2_stage3_output_file_cid_equal=1
stage2_tooling_selfhost_ok=1
stage1_external_cc_provider_count=1
stage2_external_cc_provider_count=1
stage3_external_cc_provider_count=1
compiler_core_provider_source_kind=native_c_source
compiler_core_provider_compile_mode=external_cc_obj
compiler_core_dispatch_provider_removed=0
emit_c_used_after_stage0=0
