full_selfhost_ok=1
compiler=v2/artifacts/bootstrap/cheng_v2c
stage1_binary_cid=e8d7e21502c774948c926dba00fda5e719e3dd387f541d0c70a793674c68a8f3
stage2_binary_cid=e8d7e21502c774948c926dba00fda5e719e3dd387f541d0c70a793674c68a8f3
stage3_binary_cid=e8d7e21502c774948c926dba00fda5e719e3dd387f541d0c70a793674c68a8f3
stage2_stage3_release_equal=1
stage2_stage3_system_link_plan_equal=1
stage2_stage3_system_link_exec_equal=1
stage2_stage3_binary_equal=1
stage2_stage3_output_file_cid_equal=1
stage2_tooling_selfhost_ok=1
stage2_tooling_proof_target=arm64-apple-darwin
stage2_tooling_stage0_hash=0d7ec617c90580f1
stage2_tooling_stage1_hash=0d7ec617c90580f1
stage2_tooling_stage2_hash=0d7ec617c90580f1
stage2_tooling_stage0_stage1_equal=1
stage2_tooling_stage1_stage2_equal=1
stage2_tooling_stage1_stage2_source_equal=1
stage2_tooling_source_manifest_cid=499128e86e4bf16650ba638299a0f91638a6c5edcc0f3e2674d4785b89632900
stage2_tooling_rule_pack_cid=2dda5c0a2a10e7c89431844a4e7b66e69ae02a8c5ef45484fb5f0c19223b79e0
stage2_tooling_compiler_rule_pack_cid=de4373f8d5742533c4f0907ec6fb21528b52d3003b43da88f0a23f421d50b154
stage2_tooling_release_compile_key=54aa5530043e2f30e7d698e71ef64c39087f354842c70365731d44e0614b5c77
stage2_tooling_obj_image_cid=c410880c0278b8c44659ecc9c0926c88cab392b6ddcb4dc3b2a553f81e7a0d75
stage2_tooling_obj_section_count=5
stage2_tooling_obj_symbol_count=21
stage2_tooling_obj_reloc_count=21
stage2_tooling_topology_count=3
stage2_tooling_rule_pack_entry_count=3
stage2_tooling_compiler_rule_pack_entry_count=3
stage2_tooling_priority_mapping_fixed=1
stage2_tooling_lsmr_addressing_mode=lsmr_path
stage2_tooling_lsmr_address_binding=content_bound_address
stage2_tooling_lsmr_distance_metric=per_level_manhattan
stage2_tooling_lsmr_route_plan_model=canonical_multipath_set
stage2_tooling_compile_key_topology_covered=1
stage2_tooling_compile_key_addressing_covered=1
stage2_tooling_compile_key_depth_covered=1
stage2_tooling_compile_key_address_binding_covered=1
stage2_tooling_compile_key_distance_metric_covered=1
stage2_tooling_compile_key_priority_covered=1
stage2_tooling_compile_key_dispersal_covered=1
stage2_tooling_compile_key_signature_covered=1
stage2_tooling_compile_key_canonical_multipath_covered=1
stage2_tooling_release_manifest_matches_source_manifest=1
stage2_tooling_random_gossip_fallback_present=0
stage1_external_cc_provider_count=0
stage2_external_cc_provider_count=0
stage3_external_cc_provider_count=0
compiler_core_provider_source_kind=cheng_module
compiler_core_provider_compile_mode=machine_obj
compiler_core_dispatch_provider_removed=1
emit_c_used_after_stage0=0
