full_selfhost_ok=1
compiler=v2/artifacts/bootstrap/cheng_v2c
stage1_binary_cid=bbe9a8b728b2f8636f5ca1284df40286fa4415607b8dac1890a183c1ff115d81
stage2_binary_cid=bbe9a8b728b2f8636f5ca1284df40286fa4415607b8dac1890a183c1ff115d81
stage3_binary_cid=bbe9a8b728b2f8636f5ca1284df40286fa4415607b8dac1890a183c1ff115d81
stage2_stage3_release_equal=1
stage2_stage3_system_link_plan_equal=1
stage2_stage3_system_link_exec_equal=1
stage2_stage3_binary_equal=1
stage2_stage3_output_file_cid_equal=1
stage2_tooling_selfhost_ok=1
stage1_external_cc_provider_count=0
stage2_external_cc_provider_count=0
stage3_external_cc_provider_count=0
compiler_core_provider_source_kind=cheng_module
compiler_core_provider_compile_mode=machine_obj
compiler_core_dispatch_provider_removed=1
emit_c_used_after_stage0=0
