msquic_chain_smoke_alg_stage=lsmr_begin
msquic_chain_smoke_alg_stage=lsmr_ok
msquic_chain_smoke_alg_stage=dispersal_ok
msquic_chain_smoke_alg_stage=broadcast_ok
msquic_chain_smoke_alg_stage=anti_entropy_ok
msquic_chain_smoke_alg_stage=consensus_ok
msquic_chain_smoke_alg_stage=bad_append_init_ok
msquic_chain_smoke_alg_stage=bad_append_good_ok
msquic_chain_smoke_alg_stage=bad_append_invalid_ok
msquic_chain_smoke_alg_stage=bad_append_wrong_parent_ok
msquic_chain_smoke_alg_stage=bad_append_replay_ok
msquic_chain_smoke_alg_stage=bad_append_ok
msquic_chain_smoke_stage=algorithms_returned
msquic_chain_smoke_algo_ok_field=true
msquic_chain_smoke_algo_err_msg=
msquic_chain_smoke_stage=algorithms_checked
msquic_chain_smoke_stage=algorithms_ok
msquic_chain_smoke_stage=init_server_begin
msquic_chain_smoke_stage=init_server_ok
msquic_chain_smoke_stage=init_client_begin
msquic_chain_smoke_stage=init_ok
msquic_chain_smoke_stage=start_server_begin
msquic_chain_smoke_stage=start_server_ok
msquic_chain_smoke_stage=dial_ready_client_begin
msquic_chain_smoke_stage=start_ok
msquic_chain_smoke_stage=mint_begin
msquic_chain_smoke_stage=mint_ok
msquic_native_dial_stage=session_ready
msquic_native_client_hello_stage=keygen_begin
msquic_native_client_hello_stage=keygen_ok
msquic_native_client_hello_stage=build_begin
msquic_native_client_hello_stage=build_ok
msquic_native_client_hello_stage=transcript_ok
msquic_native_client_hello_stage=frame_ok
msquic_native_client_hello_stage=send_ok
msquic_native_dial_stage=client_hello_ok
msquic_native_server_flight_stage=begin
msquic_native_server_flight_stage=server_hello_ok
msquic_native_server_flight_stage=secrets_ok
msquic_native_server_flight_stage=certificate_ok
msquic_tls13_cert_verify_stage=transcript_hash_ok
msquic_tls13_cert_verify_stage=ecdsa_sign_ok
msquic_native_server_flight_stage=cert_verify_ok
msquic_native_server_flight_stage=finished_ok
msquic_native_server_flight_stage=sent
msquic_tls13_parse_stage=certificate_begin
msquic_tls13_parse_stage=certificate_leaf_ok
msquic_tls13_parse_stage=certificate_chain_ok
msquic_tls13_parse_stage=certificate_ok
msquic_tls13_parse_stage=certificate_verify_begin
msquic_tls13_parse_stage=certificate_verify_ok
msquic_native_client_finished_stage=begin
msquic_native_client_finished_stage=sent
msquic_native_dial_stage=ready
msquic_transport_dial_stage=native_ok
msquic_transport_dial_stage=pair_ok
msquic_chain_smoke_stage=dial_ok
msquic_chain_smoke_stage=accept_ok
msquic_chain_smoke_stage=hello_ok
msquic_chain_smoke_stage=sync_ok
msquic_chain_smoke_stage=transfer_ok
msquic_chain_smoke_stage=replay_ok
msquic_chain_smoke=ok
