program_selfhost_ok=1
compiler=v2/artifacts/bootstrap/cheng_v2c
stage1_binary_cid=8f234395eb8ad39212b21943e7b24ba794bca415a8192f267ead6913ea89806d
stage2_binary_cid=8f234395eb8ad39212b21943e7b24ba794bca415a8192f267ead6913ea89806d
stage3_binary_cid=8f234395eb8ad39212b21943e7b24ba794bca415a8192f267ead6913ea89806d
stage2_stage3_release_equal=1
stage2_stage3_system_link_plan_equal=1
stage2_stage3_system_link_exec_equal=1
stage2_stage3_binary_equal=1
stage2_stage3_output_file_cid_equal=1
stage1_external_cc_provider_count=0
stage2_external_cc_provider_count=0
stage3_external_cc_provider_count=0
compiler_core_provider_source_kind=cheng_module
compiler_core_provider_compile_mode=machine_obj
stage2_lsmr_advanced_smoke_ok=1
stage2_chain_state_tree_sync_smoke_ok=1
stage2_chain_node_build_ok=1
stage2_chain_node_zero_balance=0
stage2_chain_node_mint_event_cid_present=1
stage2_chain_node_balance_after_mint=11
stage2_chain_node_process_smoke_ok=1
stage2_chain_node_sync_once_output=synced=1
stage2_chain_node_sync_balance_output=balance=11
stage2_chain_node_serve_once_output=chain_node=ok serve-once
