v2_quic_tls_transport_ecdsa_stage=policy_ok
v2_quic_tls_transport_ecdsa_stage=root_parse_ok
v2_quic_tls_transport_ecdsa_stage=root_constraints_ok
v2_quic_tls_transport_ecdsa_stage=leaf_parse_ok
v2_quic_tls_transport_ecdsa_stage=leaf_constraints_ok
v2_quic_tls_transport_ecdsa_stage=derived_pub_ok
v2_quic_tls_transport_ecdsa_stage=sign_begin
v2_quic_tls_transport_ecdsa_stage=sign_ok
v2_quic_tls_transport_ecdsa_stage=sign_verify_ok
v2_quic_tls_transport_ecdsa_stage=cert_raw_signature_ok
v2_quic_tls_transport_ecdsa_stage=chain_begin
v2_quic_tls_transport_ecdsa_stage=chain_ok
v2 quic_tls_transport_ecdsa_smoke ok
