system_link_exec_version=v2.system_link_exec.v1
source=v2/examples/unimaker_robot_node.cheng
emit=shared
target=arm64-apple-darwin
module_kind=unimaker
manifest_file_count=3
no_pointer_checked_file_count=3
no_pointer_checked_compiler_core_surface_file_count=0
no_pointer_checked_line_surface_file_count=3
no_pointer_closure_ok=1
linker_flavor=ld64
linker_path=/usr/bin/ld
sdk_name=macosx
system_library_count=1
system_library.0=System
output_path=selfhost_system_link_exec_shared.dylib
primary_obj_path=selfhost_system_link_exec_shared.dylib.primary.o
primary_obj_file_cid=ee9b5e2fb3d476747e942f3b7b353ed5636fe0e103ecbc3b05e584674e897659
primary_obj_file_byte_count=3181
provider_module_count=2
provider_module.0.name=runtime/core_runtime_v2
provider_module.0.obj_path=selfhost_system_link_exec_shared.dylib.provider.0.o
provider_module.0.obj_file_cid=1c9e17a2d155f669c00fbe67267488ab8c704aaf7a635f3ad1d84ea868c1b2d6
provider_module.0.obj_file_byte_count=396
provider_module.1.name=runtime/unimaker_runtime_contract_v2
provider_module.1.obj_path=selfhost_system_link_exec_shared.dylib.provider.1.o
provider_module.1.obj_file_cid=7a5bf698b432995c9bf8294fc87955f34a7883d7a38cdc6d223f88dc378dc4ee
provider_module.1.obj_file_byte_count=842
support_object_count=0
entry_required=0
entry_symbol=
exit_code=0
output_present=1
output_byte_count=34616
output_file_cid=fa840e4264e7801aa2f456fd70d4285db00d515bca611bf388b5b260b0379999
link_ok=1
