system_link_plan_version=v2.system_link_plan.v1
module_kind=unimaker
emit=shared
target=arm64-apple-darwin
obj_format=macho
manifest_file_count=3
no_pointer_checked_file_count=3
no_pointer_checked_compiler_core_surface_file_count=0
no_pointer_checked_line_surface_file_count=3
no_pointer_closure_ok=1
linker_flavor=ld64
output_kind=shared_library
output_name=libcheng_v2_unimaker
output_suffix=.dylib
primary_obj_file_cid=ee9b5e2fb3d476747e942f3b7b353ed5636fe0e103ecbc3b05e584674e897659
primary_obj_file_byte_count=3181
provider_module_count=2
provider_module.0.name=runtime/core_runtime_v2
provider_module.0.source_path=v2/src/runtime/core_runtime_v2.cheng
provider_module.0.source_kind=cheng_module
provider_module.0.compile_mode=machine_obj
provider_module.0.manifest_cid=67ad21c70e87529c875a371b046afc881b8405a2d57f29f267e61429423416bc
provider_module.0.execution_model=native_trace_stub
provider_module.0.trace_symbol=puts
provider_module.0.provider_symbol_count=1
provider_module.0.provider_symbol.0=_builtin_len
provider_module.0.obj_file_cid=1c9e17a2d155f669c00fbe67267488ab8c704aaf7a635f3ad1d84ea868c1b2d6
provider_module.0.obj_file_byte_count=396
provider_module.0.object_materialized=1
provider_module.1.name=runtime/unimaker_runtime_contract_v2
provider_module.1.source_path=v2/src/runtime/unimaker_runtime_contract_v2.cheng
provider_module.1.source_kind=cheng_module
provider_module.1.compile_mode=machine_obj
provider_module.1.manifest_cid=807784c3e070439013fd79e752aa672ff7a4571202e4d596b24404631e94eb49
provider_module.1.execution_model=native_trace_stub
provider_module.1.trace_symbol=puts
provider_module.1.provider_symbol_count=6
provider_module.1.provider_symbol.0=_runtime_unimaker_verify_asset_contract
provider_module.1.provider_symbol.1=_runtime_unimaker_spawn_actor
provider_module.1.provider_symbol.2=_runtime_unimaker_register_ganzhi_state
provider_module.1.provider_symbol.3=_runtime_unimaker_bind_nfc_callback
provider_module.1.provider_symbol.4=_runtime_unimaker_register_evolve_site
provider_module.1.provider_symbol.5=_runtime_unimaker_resolve_hashref
provider_module.1.obj_file_cid=7a5bf698b432995c9bf8294fc87955f34a7883d7a38cdc6d223f88dc378dc4ee
provider_module.1.obj_file_byte_count=842
provider_module.1.object_materialized=1
entry_required=0
entry_symbol=
entry_present=0
missing_reason_count=0
system_link_ready=1
