artifact_version=v2.compiler_rule_pack.v1
pipeline_version=v2.driver.network_distribution_pipeline.v1
entry.0.op=publish_compiler_rule_pack
entry.0.runtime=runtime/network_distribution_v2.publish_compiler_rule_pack
entry.0.proof=compiler_rule_pack_publication
entry.0.domain=compiler_rule_pack
entry.0.topology_ref=CompilerSync
entry.0.topology=topology(domain=compiler_rule_pack,fanout=luoshu9,repair=passive_anti_entropy,dispersal=none,priority=background,addressing=lsmr_path,depth=4)
entry.0.transport=passive_anti_entropy
entry.0.repair=passive_anti_entropy
entry.0.dispersal=none
entry.0.priority=background
entry.0.identity=compiler_rule_pack
entry.0.signature=none
entry.1.op=exchange_anti_entropy_signature
entry.1.runtime=runtime/network_distribution_v2.exchange_anti_entropy_signature
entry.1.proof=anti_entropy_signature
entry.1.domain=compiler_rule_pack
entry.1.topology_ref=CompilerSync
entry.1.topology=topology(domain=compiler_rule_pack,fanout=luoshu9,repair=passive_anti_entropy,dispersal=none,priority=background,addressing=lsmr_path,depth=4)
entry.1.transport=passive_anti_entropy
entry.1.repair=passive_anti_entropy
entry.1.dispersal=none
entry.1.priority=background
entry.1.identity=anti_entropy_signature
entry.1.signature=ganzhi_merkle_v1
entry.2.op=repair_from_signature_gap
entry.2.runtime=runtime/network_distribution_v2.repair_from_signature_gap
entry.2.proof=signature_gap_repair
entry.2.domain=compiler_rule_pack
entry.2.topology_ref=CompilerSync
entry.2.topology=topology(domain=compiler_rule_pack,fanout=luoshu9,repair=passive_anti_entropy,dispersal=none,priority=background,addressing=lsmr_path,depth=4)
entry.2.transport=passive_anti_entropy
entry.2.repair=passive_anti_entropy
entry.2.dispersal=none
entry.2.priority=background
entry.2.identity=anti_entropy_repair
entry.2.signature=ganzhi_merkle_v1
entry_count=3
content_cid=46153b22291978b626d2a89b4b732ab17b9380012a83cc904718eac26f5b0f7f
entry.0.addressing=lsmr_path
entry.0.depth=4
entry.0.address_binding=content_bound_address
entry.0.distance_metric=per_level_manhattan
entry.0.source_address=5/5/5/5
entry.0.target_address=2/9/8/7
entry.0.route_plan_cid=3ac8248d3142c1c6e876e369a13cce0a0bfea01664f0f3c8e7f398cdbe46f1e9
entry.0.canonical_multipath_count=4
entry.0.total_distance=6
entry.1.addressing=lsmr_path
entry.1.depth=4
entry.1.address_binding=content_bound_address
entry.1.distance_metric=per_level_manhattan
entry.1.source_address=5/5/5/5
entry.1.target_address=2/9/8/7
entry.1.route_plan_cid=3ac8248d3142c1c6e876e369a13cce0a0bfea01664f0f3c8e7f398cdbe46f1e9
entry.1.canonical_multipath_count=4
entry.1.total_distance=6
entry.2.addressing=lsmr_path
entry.2.depth=4
entry.2.address_binding=content_bound_address
entry.2.distance_metric=per_level_manhattan
entry.2.source_address=5/5/5/5
entry.2.target_address=2/9/8/7
entry.2.route_plan_cid=3ac8248d3142c1c6e876e369a13cce0a0bfea01664f0f3c8e7f398cdbe46f1e9
entry.2.canonical_multipath_count=4
entry.2.total_distance=6
artifact_cid=25d9b6dc6deea4941c8d33c0bf1f644c9dd1f4b748424cd3cfa5b40cdf0cf309
