source_manifest_version=v2.source_manifest.v1
package_id=pkg://cheng/v2
root=v2/examples
file_count=3
file.0.path=network_distribution_module.cheng
file.0.cid=211a478ce89ad7d0f5e8b5401170505480aaef0ac54112abc60bc7572074ed9e
file.0.topologies=CompilerSync;RuleSync;SourceSync
file.1.path=topology_code_sync.cheng
file.1.cid=57baec00686d29cabd04595da261f497bb734750137fd56b11421da574c8b8f5
file.1.topologies=CodeSync
file.2.path=unimaker_robot_node.cheng
file.2.cid=0987060d8599d881f53148f518f21bc3c65c69957012ee252c2ff13a90de5794
file.2.topologies=
topology_count=3
topology.0=topology(domain=compiler_rule_pack,fanout=luoshu9,repair=passive_anti_entropy,dispersal=none,priority=background,addressing=lsmr_path,depth=4)
topology.1=topology(domain=rule_pack,fanout=luoshu9,repair=passive_anti_entropy,dispersal=ida(k=5,n=9),priority=bulk,addressing=lsmr_path,depth=4)
topology.2=topology(domain=source_manifest,fanout=luoshu9,repair=passive_anti_entropy,dispersal=none,priority=urgent,addressing=lsmr_path,depth=4)
manifest_cid=499128e86e4bf16650ba638299a0f91638a6c5edcc0f3e2674d4785b89632900
