artifact_version=v2.rule_pack.v1
pipeline_version=v2.driver.network_distribution_pipeline.v1
entry.0.op=publish_rule_pack
entry.0.runtime=runtime/network_distribution_v2.publish_rule_pack
entry.0.proof=rule_pack_publication
entry.0.domain=rule_pack
entry.0.topology_ref=RuleSync
entry.0.topology=topology(domain=rule_pack,fanout=luoshu9,repair=passive_anti_entropy,dispersal=ida(k=5,n=9),priority=bulk,addressing=lsmr_path,depth=4)
entry.0.transport=coded_bulk_dispersal
entry.0.repair=passive_anti_entropy
entry.0.dispersal=ida(k=5,n=9)
entry.0.priority=bulk
entry.0.identity=rule_pack
entry.0.signature=none
entry.1.op=route_lsmr_tree
entry.1.runtime=runtime/network_distribution_v2.route_lsmr_tree
entry.1.proof=topology_routing
entry.1.domain=rule_pack
entry.1.topology_ref=RuleSync
entry.1.topology=topology(domain=rule_pack,fanout=luoshu9,repair=passive_anti_entropy,dispersal=ida(k=5,n=9),priority=bulk,addressing=lsmr_path,depth=4)
entry.1.transport=coded_bulk_dispersal
entry.1.repair=passive_anti_entropy
entry.1.dispersal=ida(k=5,n=9)
entry.1.priority=bulk
entry.1.identity=topology_control
entry.1.signature=none
entry.2.op=disperse_ida_fragments
entry.2.runtime=runtime/network_distribution_v2.disperse_ida_fragments
entry.2.proof=coded_bulk_dispersal
entry.2.domain=rule_pack
entry.2.topology_ref=RuleSync
entry.2.topology=topology(domain=rule_pack,fanout=luoshu9,repair=passive_anti_entropy,dispersal=ida(k=5,n=9),priority=bulk,addressing=lsmr_path,depth=4)
entry.2.transport=coded_bulk_dispersal
entry.2.repair=passive_anti_entropy
entry.2.dispersal=ida(k=5,n=9)
entry.2.priority=bulk
entry.2.identity=rule_pack_fragments
entry.2.signature=none
entry_count=3
content_cid=88d64fe6dea20584873da2838d48a889578e320cfc57b5b69986d1179825749f
entry.0.addressing=lsmr_path
entry.0.depth=4
entry.0.address_binding=content_bound_address
entry.0.distance_metric=per_level_manhattan
entry.0.source_address=5/5/5/5
entry.0.target_address=2/9/8/4
entry.0.route_plan_cid=d999d94b1e5adf47e6d752b0ba31a68678f29e0fb2e18e8439445131994ad65b
entry.0.canonical_multipath_count=8
entry.0.total_distance=7
entry.1.addressing=lsmr_path
entry.1.depth=4
entry.1.address_binding=content_bound_address
entry.1.distance_metric=per_level_manhattan
entry.1.source_address=5/5/5/5
entry.1.target_address=2/9/8/4
entry.1.route_plan_cid=d999d94b1e5adf47e6d752b0ba31a68678f29e0fb2e18e8439445131994ad65b
entry.1.canonical_multipath_count=8
entry.1.total_distance=7
entry.2.addressing=lsmr_path
entry.2.depth=4
entry.2.address_binding=content_bound_address
entry.2.distance_metric=per_level_manhattan
entry.2.source_address=5/5/5/5
entry.2.target_address=2/9/8/4
entry.2.route_plan_cid=d999d94b1e5adf47e6d752b0ba31a68678f29e0fb2e18e8439445131994ad65b
entry.2.canonical_multipath_count=8
entry.2.total_distance=7
artifact_cid=02086015a5c0c1ff59c1a570825c7a991f9d0b3c9032f6065503a5755aeef9e2
