system_link_plan_version=v2.system_link_plan.v1
module_kind=network_distribution
emit=shared
target=arm64-apple-darwin
obj_format=macho
manifest_file_count=3
no_pointer_checked_file_count=3
no_pointer_checked_compiler_core_surface_file_count=0
no_pointer_checked_line_surface_file_count=3
no_pointer_closure_ok=1
linker_flavor=ld64
output_kind=shared_library
output_name=libcheng_v2_network_distribution
output_suffix=.dylib
primary_obj_file_cid=97b3a922be9ae65f911c9fa8d58455b4dcc432124d1190c1bde5169cb1fae5e0
primary_obj_file_byte_count=6051
provider_module_count=2
provider_module.0.name=runtime/core_runtime_v2
provider_module.0.source_path=v2/src/runtime/core_runtime_v2.cheng
provider_module.0.source_kind=cheng_module
provider_module.0.compile_mode=machine_obj
provider_module.0.manifest_cid=67ad21c70e87529c875a371b046afc881b8405a2d57f29f267e61429423416bc
provider_module.0.execution_model=native_trace_stub
provider_module.0.trace_symbol=puts
provider_module.0.provider_symbol_count=1
provider_module.0.provider_symbol.0=_builtin_len
provider_module.0.obj_file_cid=1c9e17a2d155f669c00fbe67267488ab8c704aaf7a635f3ad1d84ea868c1b2d6
provider_module.0.obj_file_byte_count=396
provider_module.0.object_materialized=1
provider_module.1.name=runtime/network_distribution_runtime_v2
provider_module.1.source_path=v2/src/runtime/network_distribution_runtime_v2.cheng
provider_module.1.source_kind=cheng_module
provider_module.1.compile_mode=machine_obj
provider_module.1.manifest_cid=08dc6c3a0c44c991ceb3b5e25dd5d6363d1f790aaed8e94515d92976809c3b4e
provider_module.1.execution_model=native_trace_stub
provider_module.1.trace_symbol=puts
provider_module.1.provider_symbol_count=7
provider_module.1.provider_symbol.0=_runtime_network_distribution_v2_publish_source_manifest
provider_module.1.provider_symbol.1=_runtime_network_distribution_v2_publish_rule_pack
provider_module.1.provider_symbol.2=_runtime_network_distribution_v2_publish_compiler_rule_pack
provider_module.1.provider_symbol.3=_runtime_network_distribution_v2_route_lsmr_tree
provider_module.1.provider_symbol.4=_runtime_network_distribution_v2_disperse_ida_fragments
provider_module.1.provider_symbol.5=_runtime_network_distribution_v2_exchange_anti_entropy_signature
provider_module.1.provider_symbol.6=_runtime_network_distribution_v2_repair_from_signature_gap
provider_module.1.obj_file_cid=d183ddd02ca573f663498d22310967fa9275f5f07b4051b1fb027b63ae12e33a
provider_module.1.obj_file_byte_count=1068
provider_module.1.object_materialized=1
entry_required=0
entry_symbol=
entry_present=0
missing_reason_count=0
system_link_ready=1
