tooling_selfhost_stage0_hash=2d159c6e04763725
tooling_selfhost_stage1_hash=2d159c6e04763725
tooling_selfhost_stage2_hash=2d159c6e04763725
tooling_selfhost_proof_target=arm64-apple-darwin
tooling_selfhost_stage0_stage1_equal=1
tooling_selfhost_stage1_stage2_equal=1
tooling_selfhost_stage1_stage2_source_equal=1
tooling_selfhost_source_manifest_cid=499128e86e4bf16650ba638299a0f91638a6c5edcc0f3e2674d4785b89632900
tooling_selfhost_rule_pack_cid=2dda5c0a2a10e7c89431844a4e7b66e69ae02a8c5ef45484fb5f0c19223b79e0
tooling_selfhost_compiler_rule_pack_cid=de4373f8d5742533c4f0907ec6fb21528b52d3003b43da88f0a23f421d50b154
tooling_selfhost_release_compile_key=2b3a264cc75b55510ac3bd7b6d543ad544485cce1fa9685db73432dc78eb83a5
tooling_selfhost_obj_image_cid=c410880c0278b8c44659ecc9c0926c88cab392b6ddcb4dc3b2a553f81e7a0d75
tooling_selfhost_obj_section_count=5
tooling_selfhost_obj_symbol_count=21
tooling_selfhost_obj_reloc_count=21
tooling_selfhost_topology_count=3
tooling_selfhost_rule_pack_entry_count=3
tooling_selfhost_compiler_rule_pack_entry_count=3
tooling_selfhost_priority_mapping_fixed=1
tooling_selfhost_lsmr_addressing_mode=lsmr_path
tooling_selfhost_lsmr_address_binding=content_bound_address
tooling_selfhost_lsmr_distance_metric=per_level_manhattan
tooling_selfhost_lsmr_route_plan_model=canonical_multipath_set
tooling_selfhost_compile_key_topology_covered=1
tooling_selfhost_compile_key_addressing_covered=1
tooling_selfhost_compile_key_depth_covered=1
tooling_selfhost_compile_key_address_binding_covered=1
tooling_selfhost_compile_key_distance_metric_covered=1
tooling_selfhost_compile_key_priority_covered=1
tooling_selfhost_compile_key_dispersal_covered=1
tooling_selfhost_compile_key_signature_covered=1
tooling_selfhost_compile_key_canonical_multipath_covered=1
tooling_selfhost_release_manifest_matches_source_manifest=1
tooling_selfhost_random_gossip_fallback_present=0
tooling_selfhost_ok=1
