system_link_exec_version=v2.system_link_exec.v1
source=v2/examples/network_distribution_module.cheng
emit=shared
target=arm64-apple-darwin
module_kind=network_distribution
manifest_file_count=3
no_pointer_checked_file_count=3
no_pointer_checked_compiler_core_surface_file_count=0
no_pointer_checked_line_surface_file_count=3
no_pointer_closure_ok=1
linker_flavor=ld64
linker_path=/usr/bin/ld
sdk_name=macosx
system_library_count=1
system_library.0=System
output_path=tooling_system_link_exec_shared.dylib
primary_obj_path=tooling_system_link_exec_shared.dylib.primary.o
primary_obj_file_cid=97b3a922be9ae65f911c9fa8d58455b4dcc432124d1190c1bde5169cb1fae5e0
primary_obj_file_byte_count=6051
provider_module_count=2
provider_module.0.name=runtime/core_runtime_v2
provider_module.0.obj_path=tooling_system_link_exec_shared.dylib.provider.0.o
provider_module.0.obj_file_cid=1c9e17a2d155f669c00fbe67267488ab8c704aaf7a635f3ad1d84ea868c1b2d6
provider_module.0.obj_file_byte_count=396
provider_module.1.name=runtime/network_distribution_runtime_v2
provider_module.1.obj_path=tooling_system_link_exec_shared.dylib.provider.1.o
provider_module.1.obj_file_cid=d183ddd02ca573f663498d22310967fa9275f5f07b4051b1fb027b63ae12e33a
provider_module.1.obj_file_byte_count=1068
support_object_count=0
entry_required=0
entry_symbol=
exit_code=0
output_present=1
output_byte_count=35480
output_file_cid=84ca897f79f8791112632563be003e51d1781e9298e276a6202f2794361fc168
link_ok=1
