system_link_exec_version=v2.system_link_exec.v1
source=v2/examples/topology_code_sync.cheng
emit=shared
target=arm64-apple-darwin
module_kind=topology
manifest_file_count=3
no_pointer_checked_file_count=3
no_pointer_checked_compiler_core_surface_file_count=0
no_pointer_checked_line_surface_file_count=3
no_pointer_closure_ok=1
linker_flavor=ld64
linker_path=/usr/bin/ld
sdk_name=macosx
system_library_count=1
system_library.0=System
output_path=topology_system_link_exec_shared.dylib
primary_obj_path=topology_system_link_exec_shared.dylib.primary.o
primary_obj_file_cid=ee6139c93a35c65b190aed40e2dfc675ee6c431d25af0922fe477db2d25d8f06
primary_obj_file_byte_count=313
provider_module_count=2
provider_module.0.name=runtime/core_runtime_v2
provider_module.0.obj_path=topology_system_link_exec_shared.dylib.provider.0.o
provider_module.0.obj_file_cid=1c9e17a2d155f669c00fbe67267488ab8c704aaf7a635f3ad1d84ea868c1b2d6
provider_module.0.obj_file_byte_count=396
provider_module.1.name=runtime/network_distribution_runtime_v2
provider_module.1.obj_path=topology_system_link_exec_shared.dylib.provider.1.o
provider_module.1.obj_file_cid=d183ddd02ca573f663498d22310967fa9275f5f07b4051b1fb027b63ae12e33a
provider_module.1.obj_file_byte_count=1068
support_object_count=0
entry_required=0
entry_symbol=
exit_code=0
output_present=1
output_byte_count=34168
output_file_cid=3b0a5b7600b0949c5f490be2c14cbcfa4f713a70243d41110e2fe79bf5d9ccf5
link_ok=1
