v2_no_pointer_surface_version=v1
sample_count=8
sample.0.id=compiler_core_pass
sample.0.path=v2/tests/contracts/compiler_core_plain_probe.cheng
sample.0.expected=pass
sample.0.actual=pass
sample.0.ok=1
sample.0.reason=
sample.1.id=compiler_core_fail
sample.1.path=v2/tests/contracts/compiler_core_importc_ptr_probe.cheng
sample.1.expected=fail
sample.1.actual=fail
sample.1.ok=1
sample.1.reason=v2 semantic facts compiler_core: ZRPC no-pointer policy forbids ptr_type in routine signature probeImportcPtr at v2/tests/contracts/compiler_core_importc_ptr_probe.cheng
sample.2.id=unimaker_pass
sample.2.path=v2/tests/contracts/unimaker_surface_plain_probe.cheng
sample.2.expected=pass
sample.2.actual=pass
sample.2.ok=1
sample.2.reason=
sample.3.id=unimaker_fail
sample.3.path=v2/tests/contracts/unimaker_surface_ptr_probe.cheng
sample.3.expected=fail
sample.3.actual=fail
sample.3.ok=1
sample.3.reason=v2 semantic facts surface: ZRPC no-pointer policy forbids line 1: ptr_token in v2/tests/contracts/unimaker_surface_ptr_probe.cheng
sample.4.id=topology_pass
sample.4.path=v2/tests/contracts/topology_surface_plain_probe.cheng
sample.4.expected=pass
sample.4.actual=pass
sample.4.ok=1
sample.4.reason=
sample.5.id=topology_fail
sample.5.path=v2/tests/contracts/topology_surface_ptr_probe.cheng
sample.5.expected=fail
sample.5.actual=fail
sample.5.ok=1
sample.5.reason=v2 semantic facts surface: ZRPC no-pointer policy forbids line 1: ptr_token in v2/tests/contracts/topology_surface_ptr_probe.cheng
sample.6.id=network_pass
sample.6.path=v2/tests/contracts/network_surface_plain_probe.cheng
sample.6.expected=pass
sample.6.actual=pass
sample.6.ok=1
sample.6.reason=
sample.7.id=network_fail
sample.7.path=v2/tests/contracts/network_surface_rawmem_probe.cheng
sample.7.expected=fail
sample.7.actual=fail
sample.7.ok=1
sample.7.reason=v2 semantic facts surface: ZRPC no-pointer policy forbids line 1: raw_pointer_helper in v2/tests/contracts/network_surface_rawmem_probe.cheng
pass_count=4
fail_count=4
mismatch_count=0
v2_no_pointer_surface_ok=1
