case_count=3
case.0.id=unimaker_entry
case.0.path=v2/examples/unimaker_robot_node.cheng
case.0.rc=0
case.0.module_kind=unimaker
case.0.manifest_file_count=3
case.0.no_pointer_checked_file_count=3
case.0.no_pointer_checked_compiler_core_surface_file_count=0
case.0.no_pointer_checked_line_surface_file_count=3
case.0.no_pointer_closure_ok=1
case.1.id=network_entry
case.1.path=v2/examples/network_distribution_module.cheng
case.1.rc=0
case.1.module_kind=network_distribution
case.1.manifest_file_count=3
case.1.no_pointer_checked_file_count=3
case.1.no_pointer_checked_compiler_core_surface_file_count=0
case.1.no_pointer_checked_line_surface_file_count=3
case.1.no_pointer_closure_ok=1
case.2.id=topology_entry
case.2.path=v2/examples/topology_code_sync.cheng
case.2.rc=0
case.2.module_kind=topology
case.2.manifest_file_count=3
case.2.no_pointer_checked_file_count=3
case.2.no_pointer_checked_compiler_core_surface_file_count=0
case.2.no_pointer_checked_line_surface_file_count=3
case.2.no_pointer_closure_ok=1
pass_count=3
v2_no_pointer_package_compile_closures_ok=1
