v2_no_pointer_package_closures_version=v1
case_count=3
case.0.id=unimaker_entry
case.0.path=v2/examples/unimaker_robot_node.cheng
case.0.closure_file_count=2
case.0.checked_file_count=1
case.0.checked_compiler_core_surface_file_count=0
case.0.checked_line_surface_file_count=1
case.0.closure_manifest_cid=9662d2a8f251638afc772d8ae4f8317ad9cd28d10039e2416fd17c9235685a8c
case.0.package_manifest_path=v2/cheng-package.toml
case.0.package_manifest_present=1
case.0.entry_source_present=1
case.0.violation_count=0
case.0.first_violation_path=
case.0.first_violation_reason=
case.0.ok=1
case.1.id=network_entry
case.1.path=v2/examples/network_distribution_module.cheng
case.1.closure_file_count=2
case.1.checked_file_count=1
case.1.checked_compiler_core_surface_file_count=0
case.1.checked_line_surface_file_count=1
case.1.closure_manifest_cid=24e854cc14ee2de1893db60018568e407a7a5f594b894ea8c6df4ab4a4fbd5cd
case.1.package_manifest_path=v2/cheng-package.toml
case.1.package_manifest_present=1
case.1.entry_source_present=1
case.1.violation_count=0
case.1.first_violation_path=
case.1.first_violation_reason=
case.1.ok=1
case.2.id=topology_entry
case.2.path=v2/examples/topology_code_sync.cheng
case.2.closure_file_count=2
case.2.checked_file_count=1
case.2.checked_compiler_core_surface_file_count=0
case.2.checked_line_surface_file_count=1
case.2.closure_manifest_cid=7f8254904880574fac09ea10d2c7f66f9e9f6d5791d9bba36fee00d7122fb109
case.2.package_manifest_path=v2/cheng-package.toml
case.2.package_manifest_present=1
case.2.entry_source_present=1
case.2.violation_count=0
case.2.first_violation_path=
case.2.first_violation_reason=
case.2.ok=1
ok_count=3
v2_no_pointer_package_closures_ok=1
