case_count=3
case.0.id=unimaker_fail
case.0.path=v2/tests/contracts/v2_no_pointer_compile_failures_fixture/unimaker/unimaker_surface_ptr_probe.cheng
case.0.output=[cheng_v2c] v2 semantic facts surface: ZRPC no-pointer policy forbids line 1: ptr_token in v2/tests/contracts/v2_no_pointer_compile_failures_fixture/unimaker/unimaker_surface_ptr_probe.cheng
case.0.rc=1
case.1.id=topology_fail
case.1.path=v2/tests/contracts/v2_no_pointer_compile_failures_fixture/topology/topology_surface_ptr_probe.cheng
case.1.output=[cheng_v2c] v2 semantic facts surface: ZRPC no-pointer policy forbids line 1: ptr_token in v2/tests/contracts/v2_no_pointer_compile_failures_fixture/topology/topology_surface_ptr_probe.cheng
case.1.rc=1
case.2.id=network_fail
case.2.path=v2/tests/contracts/v2_no_pointer_compile_failures_fixture/network/network_surface_rawmem_probe.cheng
case.2.output=[cheng_v2c] v2 semantic facts surface: ZRPC no-pointer policy forbids line 1: raw_pointer_helper in v2/tests/contracts/v2_no_pointer_compile_failures_fixture/network/network_surface_rawmem_probe.cheng
case.2.rc=1
fail_count=3
v2_no_pointer_compile_failures_ok=1
